[backblue.gif]
[fade.gif]
[index.html]
[vimdoc.sourceforge.net/htmldoc/usr_toc.html]
[vimdoc.sourceforge.net/htmldoc/help.html]
[vimdoc.sourceforge.net/htmldoc/intro.html]
[vimdoc.sourceforge.net/htmldoc/quickref.html]
[vimdoc.sourceforge.net/htmldoc/usr_01.html]
[vimdoc.sourceforge.net/htmldoc/usr_02.html]
[vimdoc.sourceforge.net/htmldoc/usr_03.html]
[vimdoc.sourceforge.net/htmldoc/usr_04.html]
[vimdoc.sourceforge.net/htmldoc/usr_05.html]
[vimdoc.sourceforge.net/htmldoc/usr_06.html]
[vimdoc.sourceforge.net/htmldoc/syntax.html]
[vimdoc.sourceforge.net/htmldoc/usr_07.html]
[vimdoc.sourceforge.net/htmldoc/usr_08.html]
[vimdoc.sourceforge.net/htmldoc/windows.html]
[vimdoc.sourceforge.net/htmldoc/usr_09.html]
[vimdoc.sourceforge.net/htmldoc/gui.html]
[vimdoc.sourceforge.net/htmldoc/usr_10.html]
[vimdoc.sourceforge.net/htmldoc/usr_11.html]
[vimdoc.sourceforge.net/htmldoc/usr_12.html]
[vimdoc.sourceforge.net/htmldoc/usr_20.html]
[vimdoc.sourceforge.net/htmldoc/usr_22.html]
[vimdoc.sourceforge.net/htmldoc/usr_23.html]
[vimdoc.sourceforge.net/htmldoc/usr_24.html]
[vimdoc.sourceforge.net/htmldoc/usr_25.html]
[vimdoc.sourceforge.net/htmldoc/usr_26.html]
[vimdoc.sourceforge.net/htmldoc/usr_27.html]
[vimdoc.sourceforge.net/htmldoc/usr_28.html]
[vimdoc.sourceforge.net/htmldoc/fold.html]
[vimdoc.sourceforge.net/htmldoc/usr_29.html]
[vimdoc.sourceforge.net/htmldoc/usr_30.html]
[vimdoc.sourceforge.net/htmldoc/usr_31.html]
[vimdoc.sourceforge.net/htmldoc/usr_32.html]
[vimdoc.sourceforge.net/htmldoc/undo.html]
[vimdoc.sourceforge.net/htmldoc/usr_40.html]
[vimdoc.sourceforge.net/htmldoc/usr_41.html]
[vimdoc.sourceforge.net/htmldoc/usr_42.html]
[vimdoc.sourceforge.net/htmldoc/usr_43.html]
[vimdoc.sourceforge.net/htmldoc/filetype.html]
[vimdoc.sourceforge.net/htmldoc/usr_44.html]
[vimdoc.sourceforge.net/htmldoc/usr_45.html]
[vimdoc.sourceforge.net/htmldoc/visual.html]
[vimdoc.sourceforge.net/htmldoc/motion.html]
[vimdoc.sourceforge.net/htmldoc/index.html]
[vimdoc.sourceforge.net/htmldoc/insert.html]
[vimdoc.sourceforge.net/htmldoc/starting.html]
[vimdoc.sourceforge.net/htmldoc/options.html]
[vimdoc.sourceforge.net/htmldoc/diff.html]
[vimdoc.sourceforge.net/htmldoc/editing.html]
[vimdoc.sourceforge.net/htmldoc/change.html]
[vimdoc.sourceforge.net/htmldoc/recover.html]
[vimdoc.sourceforge.net/htmldoc/map.html]
[vimdoc.sourceforge.net/htmldoc/os_dos.html]
[vimdoc.sourceforge.net/htmldoc/os_mac.html]
[vimdoc.sourceforge.net/htmldoc/os_unix.html]
[vimdoc.sourceforge.net/htmldoc/sponsor.html]
[vimdoc.sourceforge.net/htmldoc/digraph.html]
[vimdoc.sourceforge.net/htmldoc/eval.html]
[vimdoc.sourceforge.net/htmldoc/os_win32.html]
[vimdoc.sourceforge.net/htmldoc/helphelp.html]
[vimdoc.sourceforge.net/htmldoc/scroll.html]
[vimdoc.sourceforge.net/htmldoc/uganda.html]
[vimdoc.sourceforge.net/htmldoc/develop.html]
[vimdoc.sourceforge.net/htmldoc/tags.html]
[vimdoc.sourceforge.net/htmldoc/howto.html]
[vimdoc.sourceforge.net/htmldoc/tips.html]
[vimdoc.sourceforge.net/htmldoc/message.html]
[vimdoc.sourceforge.net/htmldoc/quotes.html]
[vimdoc.sourceforge.net/htmldoc/todo.html]
[vimdoc.sourceforge.net/htmldoc/debug.html]
[vimdoc.sourceforge.net/htmldoc/indent.html]
[vimdoc.sourceforge.net/htmldoc/repeat.html]
[vimdoc.sourceforge.net/htmldoc/various.html]
[vimdoc.sourceforge.net/htmldoc/pattern.html]
[vimdoc.sourceforge.net/htmldoc/tabpage.html]
[vimdoc.sourceforge.net/htmldoc/spell.html]
[vimdoc.sourceforge.net/htmldoc/autocmd.html]
[vimdoc.sourceforge.net/htmldoc/print.html]
[vimdoc.sourceforge.net/htmldoc/remote.html]
[vimdoc.sourceforge.net/htmldoc/term.html]
[vimdoc.sourceforge.net/htmldoc/mlang.html]
[vimdoc.sourceforge.net/htmldoc/arabic.html]
[vimdoc.sourceforge.net/htmldoc/farsi.html]
[vimdoc.sourceforge.net/htmldoc/hebrew.html]
[vimdoc.sourceforge.net/htmldoc/russian.html]
[vimdoc.sourceforge.net/htmldoc/ft_ada.html]
[vimdoc.sourceforge.net/htmldoc/ft_sql.html]
[vimdoc.sourceforge.net/htmldoc/hangulin.html]
[vimdoc.sourceforge.net/htmldoc/rileft.html]
[vimdoc.sourceforge.net/htmldoc/gui_w16.html]
[vimdoc.sourceforge.net/htmldoc/gui_w32.html]
[vimdoc.sourceforge.net/htmldoc/gui_x11.html]
[vimdoc.sourceforge.net/htmldoc/if_cscop.html]
[vimdoc.sourceforge.net/htmldoc/if_lua.html]
[vimdoc.sourceforge.net/htmldoc/if_mzsch.html]
[vimdoc.sourceforge.net/htmldoc/if_perl.html]
[vimdoc.sourceforge.net/htmldoc/if_pyth.html]
[vimdoc.sourceforge.net/htmldoc/if_sniff.html]
[vimdoc.sourceforge.net/htmldoc/if_tcl.html]
[vimdoc.sourceforge.net/htmldoc/if_ruby.html]
[vimdoc.sourceforge.net/htmldoc/debugger.html]
[vimdoc.sourceforge.net/htmldoc/workshop.html]
[vimdoc.sourceforge.net/htmldoc/netbeans.html]
[vimdoc.sourceforge.net/htmldoc/sign.html]
[vimdoc.sourceforge.net/htmldoc/vi_diff.html]
[vimdoc.sourceforge.net/htmldoc/version4.html]
[vimdoc.sourceforge.net/htmldoc/version5.html]
[vimdoc.sourceforge.net/htmldoc/version6.html]
[vimdoc.sourceforge.net/htmldoc/version7.html]
[vimdoc.sourceforge.net/htmldoc/os_390.html]
[vimdoc.sourceforge.net/htmldoc/os_amiga.html]
[vimdoc.sourceforge.net/htmldoc/os_beos.html]
[vimdoc.sourceforge.net/htmldoc/os_msdos.html]
[vimdoc.sourceforge.net/htmldoc/os_os2.html]
[vimdoc.sourceforge.net/htmldoc/os_qnx.html]
[vimdoc.sourceforge.net/htmldoc/os_risc.html]
[vimdoc.sourceforge.net/htmldoc/os_vms.html]
[vimdoc.sourceforge.net/htmldoc/pi_getscript.html]
[vimdoc.sourceforge.net/htmldoc/pi_gzip.html]
[vimdoc.sourceforge.net/htmldoc/pi_netrw.html]
[vimdoc.sourceforge.net/htmldoc/pi_paren.html]
[vimdoc.sourceforge.net/htmldoc/pi_tar.html]
[vimdoc.sourceforge.net/htmldoc/pi_vimball.html]
[vimdoc.sourceforge.net/htmldoc/pi_zip.html]
[vimdoc.sourceforge.net/htmldoc/vimrc_example.html]
[vimdoc.sourceforge.net/htmldoc/tex.html]
[vimdoc.sourceforge.net/htmldoc/2html.html]
[vimdoc.sourceforge.net/htmldoc/menu.html]
[vimdoc.sourceforge.net/htmldoc/c.html]
[vimdoc.sourceforge.net/htmldoc/html.html]
[vimdoc.sourceforge.net/htmldoc/java.html]
[vimdoc.sourceforge.net/htmldoc/nroff.html]
[vimdoc.sourceforge.net/htmldoc/asm.html]
[vimdoc.sourceforge.net/htmldoc/groff.html]
[vimdoc.sourceforge.net/htmldoc/csh.html]
[vimdoc.sourceforge.net/htmldoc/one.html]
[vimdoc.sourceforge.net/htmldoc/two.html]
[vimdoc.sourceforge.net/htmldoc/three.html]
[vimdoc.sourceforge.net/htmldoc/main.html]
[vimdoc.sourceforge.net/htmldoc/mswin.html]
[vimdoc.sourceforge.net/htmldoc/usr_21.html]
[vimdoc.sourceforge.net/htmldoc/pi_spec.html]
[vimdoc.sourceforge.net/htmldoc/usr_90.html]
[vimdoc.sourceforge.net/htmldoc/netrw.html]
[vimdoc.sourceforge.net/htmldoc/spellfile.html]
[vimdoc.sourceforge.net/htmldoc/cmdline.html]
[vimdoc.sourceforge.net/htmldoc/tagsrch.html]
[vimdoc.sourceforge.net/htmldoc/bugreport.html]
[vimdoc.sourceforge.net/htmldoc/quickfix.html]
[vimdoc.sourceforge.net/htmldoc/mbyte.html]
[vimdoc.sourceforge.net/htmldoc/rgb.html]
[vimdoc.sourceforge.net/htmldoc/if_ole.html]
[vimdoc.sourceforge.net/htmldoc/os_mint.html]
